                                                                                                                QUERY PLAN                                                                                                                 
-------------------------------------------------------------------------------------------------------------------------------------------------------------------------------------------------------------------------------------------
 Gather Merge  (cost=5702.98..6158.24 rows=3902 width=20) (actual time=46.983..51.331 rows=4770 loops=1)
   Output: id, fecha, total
   Workers Planned: 2
   Workers Launched: 2
   Buffers: shared hit=3212
   ->  Sort  (cost=4702.96..4707.83 rows=1951 width=20) (actual time=10.036..10.180 rows=1590 loops=3)
         Output: id, fecha, total
         Sort Key: pedido.fecha
         Sort Method: quicksort  Memory: 402kB
         Buffers: shared hit=3212
         Worker 0:  actual time=0.088..0.088 rows=0 loops=1
           Sort Method: quicksort  Memory: 25kB
           Buffers: shared hit=37
         Worker 1:  actual time=0.082..0.082 rows=0 loops=1
           Sort Method: quicksort  Memory: 25kB
           Buffers: shared hit=37
         ->  Parallel Seq Scan on public.pedido  (cost=0.00..4596.33 rows=1951 width=20) (actual time=0.935..9.551 rows=1590 loops=3)
               Output: id, fecha, total
               Filter: ((NOT pedido.eliminado) AND (pedido.fecha >= '2025-02-28 21:00:00-03'::timestamp with time zone) AND (pedido.fecha <= '2025-03-31 20:59:59-03'::timestamp with time zone) AND (pedido.estado = 'CONFIRMADO'::text))
               Rows Removed by Filter: 65077
               Buffers: shared hit=3138
               Worker 0:  actual time=0.002..0.002 rows=0 loops=1
               Worker 1:  actual time=0.002..0.002 rows=0 loops=1
 Planning:
   Buffers: shared hit=109
 Planning Time: 2.550 ms
 Execution Time: 51.604 ms
(27 filas)

