                                                                          QUERY PLAN                                                                          
--------------------------------------------------------------------------------------------------------------------------------------------------------------
 Limit  (cost=258.28..258.33 rows=20 width=76) (actual time=0.474..0.476 rows=20 loops=1)
   Output: p.id, p.fecha, pr.nombre, d.cantidad, (((d.cantidad)::numeric * d.precio_unitario))
   Buffers: shared hit=112 read=3
   ->  Sort  (cost=258.28..258.33 rows=20 width=76) (actual time=0.472..0.473 rows=20 loops=1)
         Output: p.id, p.fecha, pr.nombre, d.cantidad, (((d.cantidad)::numeric * d.precio_unitario))
         Sort Key: p.fecha DESC
         Sort Method: quicksort  Memory: 27kB
         Buffers: shared hit=112 read=3
         ->  Nested Loop  (cost=5.29..257.85 rows=20 width=76) (actual time=0.115..0.435 rows=20 loops=1)
               Output: p.id, p.fecha, pr.nombre, d.cantidad, ((d.cantidad)::numeric * d.precio_unitario)
               Buffers: shared hit=109 read=3
               ->  Index Scan using producto_pkey on public.producto pr  (cost=0.29..8.31 rows=1 width=32) (actual time=0.016..0.016 rows=1 loops=1)
                     Output: pr.id, pr.nombre, pr.precio, pr.categoria_id, pr.activo
                     Index Cond: (pr.id = 100)
                     Buffers: shared hit=3
               ->  Nested Loop  (cost=5.00..249.24 rows=20 width=26) (actual time=0.089..0.403 rows=20 loops=1)
                     Output: d.cantidad, d.precio_unitario, d.producto_id, p.id, p.fecha
                     Inner Unique: true
                     Buffers: shared hit=106 read=3
                     ->  Bitmap Heap Scan on public.detalle_pedido d  (cost=4.58..80.49 rows=20 width=18) (actual time=0.071..0.168 rows=20 loops=1)
                           Output: d.id, d.pedido_id, d.producto_id, d.cantidad, d.precio_unitario
                           Recheck Cond: (d.producto_id = 100)
                           Heap Blocks: exact=20
                           Buffers: shared hit=20 read=3
                           ->  Bitmap Index Scan on idx_detalle_pedido_producto  (cost=0.00..4.58 rows=20 width=0) (actual time=0.059..0.060 rows=20 loops=1)
                                 Index Cond: (d.producto_id = 100)
                                 Buffers: shared read=3
                     ->  Index Scan using pedido_pkey on public.pedido p  (cost=0.42..8.44 rows=1 width=12) (actual time=0.011..0.011 rows=1 loops=20)
                           Output: p.id, p.usuario_id, p.fecha, p.total, p.estado, p.eliminado
                           Index Cond: (p.id = d.pedido_id)
                           Buffers: shared hit=83
 Planning:
   Buffers: shared hit=312 read=1
 Planning Time: 6.164 ms
 Execution Time: 0.533 ms
(35 filas)

